// Jest Snapshot v1, https://goo.gl/fbAQLP

exports[`Widget should render Widget successfully 1`] = `
<div
  className="widget-box"
>
  <p>
    Lorem Ipsum is simply dummy text of the printing and typesetting industry.
  </p>
</div>
`;
