// Jest Snapshot v1, https://goo.gl/fbAQLP

exports[`OptionGroup component should render () OptionGroup when we apply () 1`] = `
<div
  className="options-wrapper"
>
  <div>
    <h3
      className="post-caption"
    >
      nalyzing Delaware Frozen
    </h3>
  </div>
  <div>
    <div
      className="container-for-text-poll"
      data-testid="option"
    >
      <button
        className="btnBody"
        data-testid="eeb0a32a-1a3c-4c7f-9e50-dd3d3f70b53d"
        disabled={false}
        id="eeb0a32a-1a3c-4c7f-9e50-dd3d3f70b53d"
        onClick={[Function]}
        type="button"
      >
        <span
          className="flex-container"
        >
          <span
            className="letter"
          >
            a
          </span>
          <p
            className="option"
          >
             
            ali tramsy
             
          </p>
          <span />
        </span>
      </button>
    </div>
    <div
      className="container-for-text-poll"
      data-testid="option"
    >
      <button
        className="btnBody"
        data-testid="eeb0a32a-1a3c-4c7f-9e50-dd3d3f70b53c"
        disabled={false}
        id="eeb0a32a-1a3c-4c7f-9e50-dd3d3f70b53c"
        onClick={[Function]}
        type="button"
      >
        <span
          className="flex-container"
        >
          <span
            className="letter"
          >
            b
          </span>
          <p
            className="option"
          >
             
             ahmed essam
             
          </p>
          <span />
        </span>
      </button>
    </div>
    <div
      className="container-for-text-poll"
      data-testid="option"
    >
      <button
        className="btnBody"
        data-testid="eeb0a32a-1a3c-4c7f-9e50-dd3d3f70b53c"
        disabled={false}
        id="eeb0a32a-1a3c-4c7f-9e50-dd3d3f70b53c"
        onClick={[Function]}
        type="button"
      >
        <span
          className="flex-container"
        >
          <span
            className="letter"
          >
            c
          </span>
          <p
            className="option"
          >
             
             omar gamal
             
          </p>
          <span />
        </span>
      </button>
    </div>
  </div>
</div>
`;
