// Jest Snapshot v1, https://goo.gl/fbAQLP

exports[`example of a test suite example of single test 1`] = `
<h2
  className=""
  data-testid="h2-element"
>
   
  hi
  <p
    className="btn"
  >
    sdsads
  </p>
  <p
    className="text-8xl"
  >
    ali
  </p>
</h2>
`;
