// Jest Snapshot v1, https://goo.gl/fbAQLP

exports[`TextPollViewOptions component should render () OptionGroup when we apply () 1`] = `
<div
  className="grid-rows-1 space-y-2"
>
  <div
    data-testid="option"
  >
    <button
      className="btnBody leastVoted"
      data-testid="eeb0a32a-1a3c-4c7f-9e50-dd3d3f70b53d"
      disabled={true}
      id="eeb0a32a-1a3c-4c7f-9e50-dd3d3f70b53d"
      type="button"
    >
      <span
        className="flex-container"
      >
        <span
          className="letter"
        >
          a
        </span>
        <p
          className="option"
        >
           
          ali tramsi
           
        </p>
        <span />
      </span>
      <span
        className="percentage"
      >
        
        22
        %
      </span>
    </button>
  </div>
  <div
    data-testid="option"
  >
    <button
      className="btnBody leastVoted"
      data-testid="eeb0a32a-1a3c-4c7f-9e50-dd3d3f70b5aa"
      disabled={true}
      id="eeb0a32a-1a3c-4c7f-9e50-dd3d3f70b5aa"
      type="button"
    >
      <span
        className="flex-container"
      >
        <span
          className="letter"
        >
          b
        </span>
        <p
          className="option"
        >
           
           ahmed essam
           
        </p>
        <span />
      </span>
      <span
        className="percentage"
      >
        
        33
        %
      </span>
    </button>
  </div>
  <div
    data-testid="option"
  >
    <button
      className="btnBody mostVoted"
      data-testid="eeb0a32a-1a3c-4c7f-9e50-dd3d3f70b53c"
      disabled={true}
      id="eeb0a32a-1a3c-4c7f-9e50-dd3d3f70b53c"
      type="button"
    >
      <span
        className="flex-container"
      >
        <span
          className="letter"
        >
          c
        </span>
        <p
          className="option"
        >
           
           omar gamal
           
        </p>
        <span />
      </span>
      <span
        className="percentage"
      >
        <svg
          className="goldenStarIcon"
          data-file-name="SvgGoldenStar"
        />
        44
        %
      </span>
    </button>
  </div>
</div>
`;
