// Jest Snapshot v1, https://goo.gl/fbAQLP

exports[`Loader Message Expect the loader message to toMatchSnapshot 1`] = `
<h1
  className="message"
>
  Coming Soon
</h1>
`;
