// Jest Snapshot v1, https://goo.gl/fbAQLP

exports[`Snapshot testing for OptionViewCoverd component Testing TextOptionViewCovered with the necessary props 1`] = `
<button
  className="btnBody"
  data-testid="test1"
  disabled={false}
  id="test1"
  onClick={[Function]}
  type="button"
>
  <span
    className="flex-container"
  >
    <span
      className="letter"
    >
      A
    </span>
    <p
      className="option"
      dir="auto"
    >
      option 1
    </p>
    <span />
  </span>
</button>
`;
